// Jest Snapshot v1, https://goo.gl/fbAQLP

exports[`correctly generates JS module 1`] = `
Object {
  "dependencies": Object {
    "is-array": "1.0.0",
  },
  "description": "
A module that inserts \\\\ characters in files.
",
  "devDependencies": Object {
    "babel-cli": "^6.24.1",
    "babel-preset-es2015": "^6.24.1",
  },
  "main": "index.js",
  "name": "backslash-inserter",
  "version": "1.0.0",
}
`;

exports[`fails define when JSON is invalid 1`] = `"SyntaxError: Unexpected token h in JSON at position 1"`;
